// Jest Snapshot v1, https://goo.gl/fbAQLP

exports[`Renders Item 1`] = `
<Styled(Link)
  to="https://google.com"
/>
`;
